FutureWarning: Importing from timm.models.layers is deprecated, please import via timm.layers
UserWarning: torch.meshgrid: in an upcoming release, it will be required to pass the indexing argument. (Triggered internally at ../aten/src/ATen/native/TensorShape.cpp:3526.)
final text_encoder_type: bert-base-uncased
